[2026-08-03 01:14:54] NEAR MISS - would be SELL 2/4, 1 short @ 4056.36 | RSI 50.03 | Trend(H1) DOWN | reasons: MACD bearish crossover, H1 trend is DOWN
[2026-08-03 04:49:07] NEAR MISS - would be BUY 2/4, 1 short @ 4068.86 | RSI 63.52 | Trend(H1) DOWN | reasons: RSI healthy/bullish at 63.5, Price near support (4066.86)
[2026-08-03 14:25:50] NEAR MISS - would be SELL 2/4, 1 short @ 4031.76 | RSI 32.62 | Trend(H1) DOWN | reasons: RSI healthy/bearish at 32.6, H1 trend is DOWN
[2026-08-03 18:47:48] NEAR MISS - would be BUY 2/4, 1 short @ 4039.57 | RSI 50.32 | Trend(H1) DOWN | reasons: RSI healthy/bullish at 50.3, Price near support (4035.02)
[2026-08-03 20:22:45] NEAR MISS - would be SELL 2/4, 1 short @ 4052.77 | RSI 64.58 | Trend(H1) DOWN | reasons: Price near resistance (4052.85), H1 trend is DOWN
[2026-08-03 21:37:57] NEAR MISS - would be BUY 2/4, 1 short @ 4053.5 | RSI 61.97 | Trend(H1) DOWN | reasons: RSI healthy/bullish at 62.0, Price near support (4050.39)
[2026-08-03 22:39:23] NEAR MISS - would be BUY 2/4, 1 short @ 4052.14 | RSI 58.09 | Trend(H1) DOWN | reasons: RSI healthy/bullish at 58.1, Price near support (4050.39)
[2026-08-03 23:47:19] NEAR MISS - would be BUY 2/4, 1 short @ 4052.25 | RSI 56.8 | Trend(H1) DOWN | reasons: RSI healthy/bullish at 56.8, Price near support (4050.65)
[2026-08-04 05:15:09] NEAR MISS - would be BUY 2/4, 1 short @ 4058.35 | RSI 52.35 | Trend(H1) DOWN | reasons: RSI healthy/bullish at 52.3, Price near support (4056.80)
[2026-08-04 07:49:00] NEAR MISS - would be BUY 2/4, 1 short @ 4062.56 | RSI 54.93 | Trend(H1) DOWN | reasons: RSI healthy/bullish at 54.9, Price near support (4060.75)
[2026-08-04 10:31:17] NEAR MISS - would be SELL 2/4, 1 short @ 4049.6 | RSI 39.03 | Trend(H1) DOWN | reasons: RSI healthy/bearish at 39.0, H1 trend is DOWN
[2026-08-04 12:29:01] NEAR MISS - would be BUY 2/4, 1 short @ 4062.02 | RSI 53.91 | Trend(H1) DOWN | reasons: RSI healthy/bullish at 53.9, Price near support (4060.75)
[2026-08-04 17:02:35] NEAR MISS - would be SELL 2/4, 1 short @ 4093.63 | RSI 62.21 | Trend(H1) DOWN | reasons: Price near resistance (4093.66), H1 trend is DOWN
[2026-08-04 18:50:39] NEAR MISS - would be SELL 2/4, 1 short @ 4077.11 | RSI 45.68 | Trend(H1) DOWN | reasons: RSI healthy/bearish at 45.7, H1 trend is DOWN
[2026-08-04 20:20:51] NEAR MISS - would be BUY 2/4, 1 short @ 4079.19 | RSI 47.42 | Trend(H1) UP | reasons: Price near support (4076.47), H1 trend is UP
[2026-08-04 21:46:59] NEAR MISS - would be BUY 2/4, 1 short @ 4077.97 | RSI 46.92 | Trend(H1) UP | reasons: Price near support (4076.47), H1 trend is UP
[2026-08-04 22:57:11] SUPPRESSED (volatility) - would have been BUY 3/4 @ 4083.59 | ATR 4.491 vs baseline 7.395 (ratio 0.7) | reasons: RSI healthy/bullish at 55.1, Price near support (4083.40), H1 trend is UP
[2026-08-05 11:15:18] NEAR MISS - would be BUY 2/4, 1 short @ 4168.09 | RSI 62.36 | Trend(H1) UP | reasons: RSI healthy/bullish at 62.4, H1 trend is UP
[2026-08-05 13:09:35] NEAR MISS - would be BUY 2/4, 1 short @ 4184.11 | RSI 59.11 | Trend(H1) UP | reasons: RSI healthy/bullish at 59.1, H1 trend is UP
[2026-08-05 17:00:56] NEAR MISS - would be BUY 2/4, 1 short @ 4240.74 | RSI 64.43 | Trend(H1) UP | reasons: RSI healthy/bullish at 64.4, H1 trend is UP
[2026-08-05 20:22:05] NEAR MISS - would be BUY 2/4, 1 short @ 4249.02 | RSI 58.38 | Trend(H1) UP | reasons: RSI healthy/bullish at 58.4, H1 trend is UP
[2026-08-05 22:42:44] SUPPRESSED (volatility) - would have been BUY 3/4 @ 4248.06 | ATR 5.87 vs baseline 9.539 (ratio 0.7) | reasons: RSI healthy/bullish at 57.5, Price near support (4245.95), H1 trend is UP
[2026-08-06 04:29:24] NEAR MISS - would be BUY 2/4, 1 short @ 4264.27 | RSI 46.6 | Trend(H1) UP | reasons: Price near support (4263.42), H1 trend is UP
[2026-08-06 12:17:11] NEAR MISS - would be BUY 2/4, 1 short @ 4257.74 | RSI 41.11 | Trend(H1) UP | reasons: Price near support (4253.33), H1 trend is UP
[2026-08-07 00:14:35] SUPPRESSED (volatility) - would have been BUY 3/4 @ 4252.6 | ATR 5.654 vs baseline 9.199 (ratio 0.7) | reasons: RSI healthy/bullish at 59.0, Price near support (4252.16), H1 trend is UP
[2026-08-07 03:16:51] NEAR MISS - would be BUY 2/4, 1 short @ 4256.58 | RSI 57.78 | Trend(H1) UP | reasons: RSI healthy/bullish at 57.8, H1 trend is UP
[2026-08-07 05:11:39] NEAR MISS - would be BUY 2/4, 1 short @ 4265.94 | RSI 64.24 | Trend(H1) UP | reasons: RSI healthy/bullish at 64.2, H1 trend is UP
[2026-08-07 10:47:00] NEAR MISS - would be BUY 2/4, 1 short @ 4317.86 | RSI 69.25 | Trend(H1) UP | reasons: RSI healthy/bullish at 69.3, H1 trend is UP
[2026-08-07 14:48:34] NEAR MISS - would be BUY 2/4, 1 short @ 4346.31 | RSI 57.91 | Trend(H1) UP | reasons: RSI healthy/bullish at 57.9, H1 trend is UP
[2026-08-07 15:50:34] NEAR MISS - would be BUY 2/4, 1 short @ 4350.3 | RSI 58.15 | Trend(H1) UP | reasons: RSI healthy/bullish at 58.2, H1 trend is UP
[2026-08-07 16:46:42] NEAR MISS - would be BUY 2/4, 1 short @ 4338.18 | RSI 51.68 | Trend(H1) UP | reasons: RSI healthy/bullish at 51.7, H1 trend is UP
[2026-08-07 18:30:59] NEAR MISS - would be BUY 2/4, 1 short @ 4333.75 | RSI 48.85 | Trend(H1) UP | reasons: Price near support (4329.94), H1 trend is UP
[2026-08-07 19:38:00] NEAR MISS - would be BUY 2/4, 1 short @ 4348.05 | RSI 57.27 | Trend(H1) UP | reasons: RSI healthy/bullish at 57.3, H1 trend is UP
[2026-08-09 21:46:21] SUPPRESSED (poor R:R after SR widening) - would have been BUY 3/4 @ 4343.73 | ATR 0.507 | reasons: MACD bullish crossover, Price near support (4342.20), H1 trend is UP
[2026-08-09 22:23:19] NEAR MISS - would be BUY 2/4, 1 short @ 4345.95 | RSI 87.02 | Trend(H1) UP | reasons: Price near support (4342.20), H1 trend is UP
[2026-08-09 22:58:31] NEAR MISS - would be SELL 2/4, 1 short @ 4341.23 | RSI 40.88 | Trend(H1) UP | reasons: RSI healthy/bearish at 40.9, Price near resistance (4342.46)
[2026-08-10 00:03:56] NEAR MISS - would be BUY 2/4, 1 short @ 4333.87 | RSI 32.9 | Trend(H1) UP | reasons: Price near support (4333.42), H1 trend is UP
[2026-08-10 04:17:42] NEAR MISS - would be BUY 2/4, 1 short @ 4332.05 | RSI 50.88 | Trend(H1) UP | reasons: RSI healthy/bullish at 50.9, H1 trend is UP
[2026-08-10 07:19:26] NEAR MISS - would be BUY 2/4, 1 short @ 4351.32 | RSI 60.33 | Trend(H1) UP | reasons: RSI healthy/bullish at 60.3, H1 trend is UP
[2026-08-10 10:14:16] NEAR MISS - would be BUY 2/4, 1 short @ 4341.88 | RSI 46.63 | Trend(H1) UP | reasons: Price near support (4340.00), H1 trend is UP
[2026-08-10 11:27:32] NEAR MISS - would be BUY 2/4, 1 short @ 4330.99 | RSI 36.65 | Trend(H1) UP | reasons: Price near support (4330.32), H1 trend is UP
[2026-08-10 12:08:24] NEAR MISS - would be BUY 2/4, 1 short @ 4335.93 | RSI 43.4 | Trend(H1) UP | reasons: Price near support (4332.94), H1 trend is UP
[2026-08-10 13:41:53] NEAR MISS - would be BUY 2/4, 1 short @ 4333.06 | RSI 43.73 | Trend(H1) UP | reasons: Price near support (4332.94), H1 trend is UP
[2026-08-10 16:30:43] NEAR MISS - would be BUY 2/4, 1 short @ 4363.37 | RSI 66.86 | Trend(H1) UP | reasons: RSI healthy/bullish at 66.9, H1 trend is UP
[2026-08-10 17:35:17] NEAR MISS - would be BUY 2/4, 1 short @ 4360.26 | RSI 61.04 | Trend(H1) UP | reasons: RSI healthy/bullish at 61.0, H1 trend is UP
[2026-08-10 18:32:24] NEAR MISS - would be BUY 2/4, 1 short @ 4366.87 | RSI 65.14 | Trend(H1) UP | reasons: RSI healthy/bullish at 65.1, H1 trend is UP
[2026-08-10 21:10:24] NEAR MISS - would be BUY 2/4, 1 short @ 4389.99 | RSI 72.83 | Trend(H1) UP | reasons: Price near support (4386.54), H1 trend is UP
[2026-08-10 22:34:52] NEAR MISS - would be BUY 2/4, 1 short @ 4392.48 | RSI 72.75 | Trend(H1) UP | reasons: Price near support (4388.40), H1 trend is UP
[2026-08-10 23:59:31] NEAR MISS - would be BUY 2/4, 1 short @ 4398.83 | RSI 71.98 | Trend(H1) UP | reasons: Price near support (4394.99), H1 trend is UP
[2026-08-11 03:53:59] NEAR MISS - would be BUY 2/4, 1 short @ 4417.24 | RSI 59.73 | Trend(H1) UP | reasons: RSI healthy/bullish at 59.7, H1 trend is UP
[2026-08-11 07:34:57] NEAR MISS - would be BUY 2/4, 1 short @ 4363.78 | RSI 24.55 | Trend(H1) UP | reasons: Price near support (4360.53), H1 trend is UP
[2026-08-11 09:39:58] NEAR MISS - would be SELL 2/4, 1 short @ 4375.68 | RSI 45.68 | Trend(H1) UP | reasons: RSI healthy/bearish at 45.7, Price near resistance (4376.37)
[2026-08-11 10:32:19] NEAR MISS - would be BUY 2/4, 1 short @ 4380.6 | RSI 51.64 | Trend(H1) UP | reasons: RSI healthy/bullish at 51.6, H1 trend is UP
[2026-08-11 11:29:01] NEAR MISS - would be BUY 2/4, 1 short @ 4392.47 | RSI 61.16 | Trend(H1) UP | reasons: RSI healthy/bullish at 61.2, H1 trend is UP
[2026-08-11 12:10:33] NEAR MISS - would be BUY 2/4, 1 short @ 4388.62 | RSI 56.8 | Trend(H1) UP | reasons: RSI healthy/bullish at 56.8, H1 trend is UP
[2026-08-11 13:41:16] NEAR MISS - would be BUY 2/4, 1 short @ 4399.38 | RSI 62.66 | Trend(H1) UP | reasons: RSI healthy/bullish at 62.7, H1 trend is UP
[2026-08-11 14:43:36] NEAR MISS - would be BUY 2/4, 1 short @ 4386.87 | RSI 49.37 | Trend(H1) UP | reasons: Price near support (4382.97), H1 trend is UP
[2026-08-11 15:40:28] NEAR MISS - would be BUY 2/4, 1 short @ 4386.98 | RSI 48.33 | Trend(H1) UP | reasons: Price near support (4382.97), H1 trend is UP
[2026-08-11 16:34:38] NEAR MISS - would be BUY 2/4, 1 short @ 4383.44 | RSI 47.46 | Trend(H1) UP | reasons: Price near support (4382.97), H1 trend is UP
[2026-08-11 17:39:23] NEAR MISS - would be BUY 2/4, 1 short @ 4379.53 | RSI 44.06 | Trend(H1) UP | reasons: Price near support (4378.25), H1 trend is UP
[2026-08-11 18:34:48] NEAR MISS - would be BUY 2/4, 1 short @ 4363.21 | RSI 32.2 | Trend(H1) UP | reasons: Price near support (4361.29), H1 trend is UP
[2026-08-11 19:44:43] NEAR MISS - would be BUY 2/4, 1 short @ 4370.28 | RSI 42.46 | Trend(H1) UP | reasons: Price near support (4370.26), H1 trend is UP
[2026-08-11 20:25:41] NEAR MISS - would be BUY 2/4, 1 short @ 4370.82 | RSI 44.18 | Trend(H1) UP | reasons: Price near support (4370.26), H1 trend is UP
[2026-08-11 21:13:06] NEAR MISS - would be BUY 2/4, 1 short @ 4367.72 | RSI 41.43 | Trend(H1) UP | reasons: Price near support (4366.97), H1 trend is UP
[2026-08-11 22:05:12] NEAR MISS - would be BUY 2/4, 1 short @ 4368.45 | RSI 42.57 | Trend(H1) UP | reasons: Price near support (4368.15), H1 trend is UP
[2026-08-11 23:01:07] NEAR MISS - would be BUY 2/4, 1 short @ 4370.27 | RSI 45.5 | Trend(H1) UP | reasons: Price near support (4370.26), H1 trend is UP
[2026-08-11 23:58:06] NEAR MISS - would be BUY 2/4, 1 short @ 4367.87 | RSI 43.61 | Trend(H1) UP | reasons: Price near support (4367.25), H1 trend is UP
[2026-08-12 04:16:45] NEAR MISS - would be BUY 2/4, 1 short @ 4396.94 | RSI 56.05 | Trend(H1) UP | reasons: RSI healthy/bullish at 56.1, H1 trend is UP
[2026-08-12 05:53:00] NEAR MISS - would be BUY 2/4, 1 short @ 4389.74 | RSI 45.61 | Trend(H1) UP | reasons: Price near support (4385.18), H1 trend is UP
[2026-08-12 07:15:28] NEAR MISS - would be BUY 2/4, 1 short @ 4405.78 | RSI 61.04 | Trend(H1) UP | reasons: RSI healthy/bullish at 61.0, H1 trend is UP
[2026-08-12 09:55:55] NEAR MISS - would be BUY 2/4, 1 short @ 4414.53 | RSI 62.92 | Trend(H1) UP | reasons: RSI healthy/bullish at 62.9, H1 trend is UP
[2026-08-12 15:13:13] NEAR MISS - would be BUY 2/4, 1 short @ 4421.41 | RSI 52.02 | Trend(H1) UP | reasons: RSI healthy/bullish at 52.0, H1 trend is UP
[2026-08-12 16:09:55] NEAR MISS - would be BUY 2/4, 1 short @ 4421.24 | RSI 51.22 | Trend(H1) UP | reasons: RSI healthy/bullish at 51.2, H1 trend is UP
[2026-08-12 17:10:48] NEAR MISS - would be BUY 2/4, 1 short @ 4401.78 | RSI 38.31 | Trend(H1) UP | reasons: Price near support (4398.59), H1 trend is UP
[2026-08-12 18:06:19] NEAR MISS - would be BUY 2/4, 1 short @ 4399.84 | RSI 38.4 | Trend(H1) UP | reasons: Price near support (4398.59), H1 trend is UP
[2026-08-12 20:08:48] NEAR MISS - would be BUY 2/4, 1 short @ 4411.32 | RSI 47.86 | Trend(H1) UP | reasons: Price near support (4411.01), H1 trend is UP
[2026-08-12 21:01:20] NEAR MISS - would be BUY 2/4, 1 short @ 4409.05 | RSI 46.22 | Trend(H1) UP | reasons: Price near support (4408.78), H1 trend is UP
[2026-08-12 22:01:05] SUPPRESSED (volatility) - would have been BUY 3/4 @ 4408.82 | ATR 5.305 vs baseline 9.24 (ratio 0.7) | reasons: MACD bullish crossover, Price near support (4408.78), H1 trend is UP
[2026-08-12 22:59:28] NEAR MISS - would be BUY 2/4, 1 short @ 4400.32 | RSI 36.54 | Trend(H1) UP | reasons: Price near support (4398.31), H1 trend is UP
[2026-08-12 23:48:57] SUPPRESSED (volatility) - would have been BUY 3/4 @ 4409.04 | ATR 4.728 vs baseline 9.061 (ratio 0.7) | reasons: RSI healthy/bullish at 50.6, Price near support (4408.78), H1 trend is UP
[2026-08-13 01:22:53] NEAR MISS - would be BUY 2/4, 1 short @ 4430.41 | RSI 63.34 | Trend(H1) UP | reasons: RSI healthy/bullish at 63.3, H1 trend is UP
[2026-08-13 03:38:14] NEAR MISS - would be BUY 2/4, 1 short @ 4409.3 | RSI 46.49 | Trend(H1) UP | reasons: Price near support (4408.78), H1 trend is UP
[2026-08-13 05:22:51] NEAR MISS - would be BUY 2/4, 1 short @ 4402.83 | RSI 45.19 | Trend(H1) UP | reasons: Price near support (4399.86), H1 trend is UP
[2026-08-13 06:54:52] NEAR MISS - would be BUY 2/4, 1 short @ 4373.99 | RSI 28.52 | Trend(H1) UP | reasons: Price near support (4369.40), H1 trend is UP
[2026-08-13 08:14:47] NEAR MISS - would be BUY 2/4, 1 short @ 4370.49 | RSI 30.37 | Trend(H1) UP | reasons: Price near support (4369.40), H1 trend is UP
[2026-08-13 09:34:53] NEAR MISS - would be SELL 2/4, 1 short @ 4380.8 | RSI 44.95 | Trend(H1) UP | reasons: RSI healthy/bearish at 44.9, Price near resistance (4381.47)
[2026-08-13 10:43:31] NEAR MISS - would be BUY 2/4, 1 short @ 4387.07 | RSI 52.02 | Trend(H1) UP | reasons: RSI healthy/bullish at 52.0, H1 trend is UP
[2026-08-13 11:29:48] NEAR MISS - would be BUY 2/4, 1 short @ 4392.7 | RSI 57.4 | Trend(H1) UP | reasons: RSI healthy/bullish at 57.4, H1 trend is UP
[2026-08-13 12:12:21] NEAR MISS - would be BUY 2/4, 1 short @ 4387.3 | RSI 50.76 | Trend(H1) UP | reasons: RSI healthy/bullish at 50.8, H1 trend is UP
[2026-08-13 13:47:12] NEAR MISS - would be BUY 2/4, 1 short @ 4381.19 | RSI 44.1 | Trend(H1) UP | reasons: Price near support (4378.59), H1 trend is UP
[2026-08-13 14:51:54] NEAR MISS - would be BUY 2/4, 1 short @ 4380.24 | RSI 46.58 | Trend(H1) UP | reasons: Price near support (4378.59), H1 trend is UP
[2026-08-13 15:53:42] NEAR MISS - would be BUY 2/4, 1 short @ 4369.06 | RSI 40.65 | Trend(H1) UP | reasons: Price near support (4365.94), H1 trend is UP
[2026-08-13 16:50:35] NEAR MISS - would be BUY 2/4, 1 short @ 4365.49 | RSI 42.13 | Trend(H1) UP | reasons: Price near support (4364.91), H1 trend is UP
[2026-08-13 18:54:52] NEAR MISS - would be BUY 2/4, 1 short @ 4358.13 | RSI 40.73 | Trend(H1) UP | reasons: Price near support (4357.68), H1 trend is UP
[2026-08-13 19:53:29] NEAR MISS - would be BUY 2/4, 1 short @ 4352.35 | RSI 38.49 | Trend(H1) UP | reasons: Price near support (4351.80), H1 trend is UP
[2026-08-13 20:35:50] NEAR MISS - would be BUY 2/4, 1 short @ 4352.29 | RSI 40.48 | Trend(H1) UP | reasons: Price near support (4351.80), H1 trend is UP
[2026-08-13 21:27:39] NEAR MISS - would be BUY 2/4, 1 short @ 4351.47 | RSI 40.3 | Trend(H1) UP | reasons: Price near support (4348.39), H1 trend is UP
[2026-08-13 22:11:07] NEAR MISS - would be BUY 2/4, 1 short @ 4351.5 | RSI 40.43 | Trend(H1) UP | reasons: Price near support (4348.39), H1 trend is UP
[2026-08-13 23:01:25] NEAR MISS - would be BUY 2/4, 1 short @ 4354.24 | RSI 45.36 | Trend(H1) UP | reasons: Price near support (4351.80), H1 trend is UP
[2026-08-14 04:01:33] NEAR MISS - would be SELL 2/4, 1 short @ 4324.67 | RSI 40.0 | Trend(H1) UP | reasons: RSI healthy/bearish at 40.0, Price near resistance (4328.00)
[2026-08-14 05:44:58] NEAR MISS - would be SELL 2/4, 1 short @ 4319.23 | RSI 35.66 | Trend(H1) UP | reasons: RSI healthy/bearish at 35.7, Price near resistance (4322.51)
[2026-08-14 06:59:44] NEAR MISS - would be BUY 2/4, 1 short @ 4331.89 | RSI 51.78 | Trend(H1) UP | reasons: RSI healthy/bullish at 51.8, H1 trend is UP
[2026-08-14 08:21:11] NEAR MISS - would be BUY 2/4, 1 short @ 4346.6 | RSI 65.29 | Trend(H1) UP | reasons: RSI healthy/bullish at 65.3, H1 trend is UP
[2026-08-14 16:26:15] NEAR MISS - would be BUY 2/4, 1 short @ 4389.58 | RSI 60.88 | Trend(H1) UP | reasons: RSI healthy/bullish at 60.9, H1 trend is UP
[2026-08-14 18:24:04] NEAR MISS - would be BUY 2/4, 1 short @ 4377.44 | RSI 49.68 | Trend(H1) UP | reasons: Price near support (4376.56), H1 trend is UP
[2026-08-14 19:26:50] NEAR MISS - would be BUY 2/4, 1 short @ 4377.18 | RSI 49.45 | Trend(H1) UP | reasons: Price near support (4376.56), H1 trend is UP
[2026-08-14 20:03:04] NEAR MISS - would be BUY 2/4, 1 short @ 4375.04 | RSI 47.08 | Trend(H1) UP | reasons: Price near support (4372.54), H1 trend is UP
[2026-08-14 20:43:58] NEAR MISS - would be BUY 2/4, 1 short @ 4374.33 | RSI 46.89 | Trend(H1) UP | reasons: Price near support (4372.54), H1 trend is UP
[2026-08-16 22:44:36] NEAR MISS - would be BUY 2/4, 1 short @ 4375.04 | RSI 42.7 | Trend(H1) UP | reasons: Price near support (4372.16), H1 trend is UP
[2026-08-16 23:24:02] NEAR MISS - would be BUY 2/4, 1 short @ 4381.49 | RSI 65.02 | Trend(H1) UP | reasons: RSI healthy/bullish at 65.0, H1 trend is UP
[2026-08-16 23:42:05] NEAR MISS - would be BUY 2/4, 1 short @ 4374.41 | RSI 44.85 | Trend(H1) UP | reasons: Price near support (4372.16), H1 trend is UP
[2026-08-16 23:56:22] NEAR MISS - would be BUY 2/4, 1 short @ 4369.06 | RSI 35.81 | Trend(H1) UP | reasons: Price near support (4367.40), H1 trend is UP
[2026-08-17 04:25:00] NEAR MISS - would be BUY 2/4, 1 short @ 4398.97 | RSI 60.61 | Trend(H1) UP | reasons: RSI healthy/bullish at 60.6, H1 trend is UP
[2026-08-17 08:23:46] NEAR MISS - would be BUY 2/4, 1 short @ 4402.41 | RSI 55.54 | Trend(H1) UP | reasons: RSI healthy/bullish at 55.5, H1 trend is UP
[2026-08-17 09:07:20] NEAR MISS - would be BUY 2/4, 1 short @ 4395.48 | RSI 48.74 | Trend(H1) UP | reasons: Price near support (4392.40), H1 trend is UP
[2026-08-17 09:56:02] NEAR MISS - would be BUY 2/4, 1 short @ 4395.24 | RSI 48.36 | Trend(H1) UP | reasons: Price near support (4393.22), H1 trend is UP
[2026-08-17 10:27:44] NEAR MISS - would be BUY 2/4, 1 short @ 4396.2 | RSI 49.54 | Trend(H1) UP | reasons: Price near support (4393.22), H1 trend is UP
[2026-08-17 12:31:34] NEAR MISS - would be BUY 2/4, 1 short @ 4389.28 | RSI 40.73 | Trend(H1) UP | reasons: Price near support (4389.04), H1 trend is UP
[2026-08-17 13:25:27] NEAR MISS - would be BUY 2/4, 1 short @ 4387.64 | RSI 42.76 | Trend(H1) UP | reasons: Price near support (4386.04), H1 trend is UP
[2026-08-17 14:35:22] NEAR MISS - would be BUY 2/4, 1 short @ 4417.8 | RSI 67.37 | Trend(H1) UP | reasons: RSI healthy/bullish at 67.4, H1 trend is UP
[2026-08-17 14:59:46] NEAR MISS - would be BUY 2/4, 1 short @ 4420.57 | RSI 68.83 | Trend(H1) UP | reasons: RSI healthy/bullish at 68.8, H1 trend is UP
[2026-08-17 15:31:09] NEAR MISS - would be BUY 2/4, 1 short @ 4425.17 | RSI 68.57 | Trend(H1) UP | reasons: RSI healthy/bullish at 68.6, H1 trend is UP
[2026-08-17 15:57:59] NEAR MISS - would be BUY 2/4, 1 short @ 4421.26 | RSI 64.31 | Trend(H1) UP | reasons: RSI healthy/bullish at 64.3, H1 trend is UP
[2026-08-17 16:28:32] NEAR MISS - would be BUY 2/4, 1 short @ 4426.57 | RSI 67.12 | Trend(H1) UP | reasons: RSI healthy/bullish at 67.1, H1 trend is UP
[2026-08-17 16:56:29] NEAR MISS - would be BUY 2/4, 1 short @ 4426.08 | RSI 65.33 | Trend(H1) UP | reasons: RSI healthy/bullish at 65.3, H1 trend is UP
[2026-08-17 17:54:06] NEAR MISS - would be BUY 2/4, 1 short @ 4415.95 | RSI 53.7 | Trend(H1) UP | reasons: RSI healthy/bullish at 53.7, H1 trend is UP
[2026-08-17 18:29:24] NEAR MISS - would be BUY 2/4, 1 short @ 4412.48 | RSI 49.95 | Trend(H1) UP | reasons: Price near support (4411.51), H1 trend is UP
[2026-08-17 19:08:21] NEAR MISS - would be SELL 2/4, 1 short @ 4406.05 | RSI 43.87 | Trend(H1) UP | reasons: RSI healthy/bearish at 43.9, Price near resistance (4406.83)
[2026-08-17 22:18:04] SUPPRESSED (volatility) - would have been BUY 3/4 @ 4416.79 | ATR 4.606 vs baseline 6.936 (ratio 0.7) | reasons: RSI healthy/bullish at 54.3, Price near support (4414.66), H1 trend is UP
[2026-08-17 22:48:31] SUPPRESSED (volatility) - would have been BUY 3/4 @ 4415.05 | ATR 4.523 vs baseline 6.88 (ratio 0.7) | reasons: RSI healthy/bullish at 51.2, Price near support (4414.66), H1 trend is UP
[2026-08-17 23:17:09] NEAR MISS - would be BUY 2/4, 1 short @ 4413.91 | RSI 49.67 | Trend(H1) UP | reasons: Price near support (4411.51), H1 trend is UP
[2026-08-17 23:44:38] SUPPRESSED (volatility) - would have been BUY 3/4 @ 4420.31 | ATR 4.717 vs baseline 6.797 (ratio 0.7) | reasons: RSI healthy/bullish at 58.3, Price near support (4418.21), H1 trend is UP
[2026-08-18 00:00:48] NEAR MISS - would be BUY 2/4, 1 short @ 4423.97 | RSI 62.4 | Trend(H1) UP | reasons: RSI healthy/bullish at 62.4, H1 trend is UP
[2026-08-18 02:50:28] NEAR MISS - would be BUY 2/4, 1 short @ 4394.63 | RSI 31.58 | Trend(H1) UP | reasons: Price near support (4394.06), H1 trend is UP
[2026-08-18 03:39:03] NEAR MISS - would be BUY 2/4, 1 short @ 4397.33 | RSI 36.12 | Trend(H1) UP | reasons: Price near support (4394.06), H1 trend is UP
[2026-08-18 04:19:58] NEAR MISS - would be BUY 2/4, 1 short @ 4392.79 | RSI 33.68 | Trend(H1) UP | reasons: Price near support (4390.01), H1 trend is UP
[2026-08-18 05:00:57] NEAR MISS - would be BUY 2/4, 1 short @ 4394.07 | RSI 36.09 | Trend(H1) UP | reasons: Price near support (4394.06), H1 trend is UP
[2026-08-18 05:43:45] NEAR MISS - would be BUY 2/4, 1 short @ 4393.49 | RSI 37.12 | Trend(H1) UP | reasons: Price near support (4390.97), H1 trend is UP
[2026-08-18 06:03:16] NEAR MISS - would be BUY 2/4, 1 short @ 4395.6 | RSI 42.27 | Trend(H1) UP | reasons: Price near support (4394.45), H1 trend is UP
[2026-08-18 07:02:48] NEAR MISS - would be BUY 2/4, 1 short @ 4397.84 | RSI 45.78 | Trend(H1) UP | reasons: Price near support (4394.45), H1 trend is UP
[2026-08-18 07:52:19] NEAR MISS - would be BUY 2/4, 1 short @ 4400.69 | RSI 49.85 | Trend(H1) UP | reasons: Price near support (4399.06), H1 trend is UP
[2026-08-18 08:28:07] NEAR MISS - would be BUY 2/4, 1 short @ 4394.97 | RSI 42.58 | Trend(H1) UP | reasons: Price near support (4394.45), H1 trend is UP
[2026-08-18 09:03:25] NEAR MISS - would be BUY 2/4, 1 short @ 4393.22 | RSI 43.82 | Trend(H1) UP | reasons: Price near support (4390.97), H1 trend is UP
[2026-08-18 09:47:18] NEAR MISS - would be BUY 2/4, 1 short @ 4388.13 | RSI 38.8 | Trend(H1) UP | reasons: Price near support (4387.31), H1 trend is UP
[2026-08-18 10:21:21] NEAR MISS - would be BUY 2/4, 1 short @ 4393.2 | RSI 45.72 | Trend(H1) UP | reasons: Price near support (4390.97), H1 trend is UP
[2026-08-18 11:19:26] NEAR MISS - would be BUY 2/4, 1 short @ 4393.65 | RSI 46.73 | Trend(H1) UP | reasons: Price near support (4390.97), H1 trend is UP
[2026-08-18 11:49:36] NEAR MISS - would be BUY 2/4, 1 short @ 4392.27 | RSI 45.66 | Trend(H1) UP | reasons: Price near support (4390.97), H1 trend is UP
[2026-08-18 12:32:54] NEAR MISS - would be BUY 2/4, 1 short @ 4393.29 | RSI 47.57 | Trend(H1) UP | reasons: Price near support (4390.97), H1 trend is UP
[2026-08-18 13:28:41] NEAR MISS - would be BUY 2/4, 1 short @ 4394.3 | RSI 49.03 | Trend(H1) UP | reasons: Price near support (4394.06), H1 trend is UP
[2026-08-18 14:07:09] NEAR MISS - would be BUY 2/4, 1 short @ 4393.53 | RSI 48.31 | Trend(H1) UP | reasons: Price near support (4390.97), H1 trend is UP
[2026-08-18 14:51:10] NEAR MISS - would be BUY 2/4, 1 short @ 4380.1 | RSI 36.91 | Trend(H1) UP | reasons: Price near support (4379.44), H1 trend is UP
[2026-08-18 15:25:34] NEAR MISS - would be BUY 2/4, 1 short @ 4362.76 | RSI 27.57 | Trend(H1) UP | reasons: Price near support (4361.34), H1 trend is UP
[2026-08-18 15:56:09] NEAR MISS - would be BUY 2/4, 1 short @ 4357.82 | RSI 25.48 | Trend(H1) UP | reasons: Price near support (4352.96), H1 trend is UP
[2026-08-18 17:26:32] NEAR MISS - would be BUY 2/4, 1 short @ 4366.45 | RSI 38.87 | Trend(H1) UP | reasons: Price near support (4362.62), H1 trend is UP
[2026-08-18 18:28:46] NEAR MISS - would be BUY 2/4, 1 short @ 4357.16 | RSI 32.68 | Trend(H1) UP | reasons: Price near support (4352.96), H1 trend is UP
[2026-08-18 19:07:43] NEAR MISS - would be BUY 2/4, 1 short @ 4354.46 | RSI 32.92 | Trend(H1) UP | reasons: Price near support (4352.96), H1 trend is UP
[2026-08-18 19:56:36] NEAR MISS - would be BUY 2/4, 1 short @ 4354.6 | RSI 34.0 | Trend(H1) UP | reasons: Price near support (4353.50), H1 trend is UP
[2026-08-18 20:20:24] NEAR MISS - would be BUY 2/4, 1 short @ 4341.83 | RSI 25.63 | Trend(H1) UP | reasons: Price near support (4340.09), H1 trend is UP
[2026-08-18 20:47:25] NEAR MISS - would be BUY 2/4, 1 short @ 4333.24 | RSI 21.41 | Trend(H1) UP | reasons: Price near support (4332.56), H1 trend is UP
[2026-08-18 21:17:32] NEAR MISS - would be BUY 2/4, 1 short @ 4334.55 | RSI 24.69 | Trend(H1) UP | reasons: Price near support (4330.69), H1 trend is UP
[2026-08-18 21:45:50] NEAR MISS - would be BUY 2/4, 1 short @ 4334.59 | RSI 24.95 | Trend(H1) UP | reasons: Price near support (4330.69), H1 trend is UP
[2026-08-18 22:48:37] NEAR MISS - would be BUY 2/4, 1 short @ 4333.91 | RSI 31.88 | Trend(H1) UP | reasons: Price near support (4331.90), H1 trend is UP
[2026-08-18 23:16:28] NEAR MISS - would be BUY 2/4, 1 short @ 4333.92 | RSI 32.34 | Trend(H1) UP | reasons: Price near support (4333.32), H1 trend is UP
[2026-08-18 23:44:43] NEAR MISS - would be BUY 2/4, 1 short @ 4330.75 | RSI 29.79 | Trend(H1) UP | reasons: Price near support (4330.69), H1 trend is UP
[2026-08-18 23:59:35] NEAR MISS - would be BUY 2/4, 1 short @ 4329.54 | RSI 28.86 | Trend(H1) UP | reasons: Price near support (4327.51), H1 trend is UP
[2026-08-19 03:30:45] NEAR MISS - would be BUY 2/4, 1 short @ 4357.78 | RSI 59.47 | Trend(H1) DOWN | reasons: RSI healthy/bullish at 59.5, Price near support (4353.50)
[2026-08-19 04:21:02] NEAR MISS - would be BUY 2/4, 1 short @ 4354.31 | RSI 54.97 | Trend(H1) DOWN | reasons: RSI healthy/bullish at 55.0, Price near support (4353.50)
[2026-08-19 05:00:50] NEAR MISS - would be SELL 2/4, 1 short @ 4348.72 | RSI 48.62 | Trend(H1) DOWN | reasons: RSI healthy/bearish at 48.6, H1 trend is DOWN
[2026-08-19 07:13:24] NEAR MISS - would be SELL 2/4, 1 short @ 4348.58 | RSI 52.35 | Trend(H1) DOWN | reasons: Price near resistance (4350.28), H1 trend is DOWN
[2026-08-19 08:29:29] NEAR MISS - would be SELL 2/4, 1 short @ 4360.89 | RSI 63.38 | Trend(H1) DOWN | reasons: Price near resistance (4362.62), H1 trend is DOWN
[2026-08-19 09:06:27] NEAR MISS - would be BUY 2/4, 1 short @ 4355.34 | RSI 54.51 | Trend(H1) DOWN | reasons: RSI healthy/bullish at 54.5, Price near support (4351.88)
[2026-08-19 09:48:03] NEAR MISS - would be BUY 2/4, 1 short @ 4358.97 | RSI 57.77 | Trend(H1) DOWN | reasons: RSI healthy/bullish at 57.8, Price near support (4355.21)
[2026-08-19 10:22:07] NEAR MISS - would be SELL 2/4, 1 short @ 4363.51 | RSI 61.93 | Trend(H1) DOWN | reasons: Price near resistance (4363.86), H1 trend is DOWN
[2026-08-19 10:53:48] NEAR MISS - would be SELL 2/4, 1 short @ 4367.35 | RSI 64.28 | Trend(H1) DOWN | reasons: Price near resistance (4369.29), H1 trend is DOWN
[2026-08-19 11:19:31] NEAR MISS - would be SELL 2/4, 1 short @ 4374.12 | RSI 68.98 | Trend(H1) DOWN | reasons: Price near resistance (4374.26), H1 trend is DOWN
[2026-08-19 12:34:06] NEAR MISS - would be BUY 2/4, 1 short @ 4370.22 | RSI 60.83 | Trend(H1) DOWN | reasons: RSI healthy/bullish at 60.8, Price near support (4366.27)
[2026-08-19 13:29:46] NEAR MISS - would be SELL 2/4, 1 short @ 4461.33 | RSI 87.9 | Trend(H1) DOWN | reasons: Price near resistance (4463.29), H1 trend is DOWN
[2026-08-19 14:08:05] NEAR MISS - would be SELL 2/4, 1 short @ 4460.36 | RSI 84.79 | Trend(H1) DOWN | reasons: Price near resistance (4463.29), H1 trend is DOWN
[2026-08-19 14:52:08] NEAR MISS - would be SELL 2/4, 1 short @ 4496.26 | RSI 89.08 | Trend(H1) DOWN | reasons: Price near resistance (4496.61), H1 trend is DOWN
[2026-08-19 16:55:12] NEAR MISS - would be SELL 2/4, 1 short @ 4495.44 | RSI 77.78 | Trend(H1) UP | reasons: MACD bearish crossover, Price near resistance (4496.61)
[2026-08-19 17:21:23] NEAR MISS - would be BUY 2/4, 1 short @ 4492.65 | RSI 75.24 | Trend(H1) UP | reasons: Price near support (4490.95), H1 trend is UP
[2026-08-19 18:24:38] NEAR MISS - would be BUY 2/4, 1 short @ 4489.98 | RSI 68.82 | Trend(H1) UP | reasons: RSI healthy/bullish at 68.8, H1 trend is UP
[2026-08-19 19:36:59] NEAR MISS - would be BUY 2/4, 1 short @ 4506.63 | RSI 69.56 | Trend(H1) UP | reasons: RSI healthy/bullish at 69.6, H1 trend is UP
[2026-08-19 19:57:58] NEAR MISS - would be BUY 2/4, 1 short @ 4506.12 | RSI 69.15 | Trend(H1) UP | reasons: RSI healthy/bullish at 69.2, H1 trend is UP
[2026-08-19 20:29:10] NEAR MISS - would be BUY 2/4, 1 short @ 4506.67 | RSI 67.92 | Trend(H1) UP | reasons: RSI healthy/bullish at 67.9, H1 trend is UP
[2026-08-19 22:49:21] NEAR MISS - would be BUY 2/4, 1 short @ 4518.24 | RSI 67.31 | Trend(H1) UP | reasons: RSI healthy/bullish at 67.3, H1 trend is UP
[2026-08-19 23:17:31] SUPPRESSED (volatility) - would have been BUY 3/4 @ 4520.41 | ATR 6.617 vs baseline 10.004 (ratio 0.7) | reasons: RSI healthy/bullish at 68.7, Price near support (4518.97), H1 trend is UP
[2026-08-19 23:45:24] NEAR MISS - would be BUY 2/4, 1 short @ 4514.96 | RSI 60.82 | Trend(H1) UP | reasons: RSI healthy/bullish at 60.8, H1 trend is UP
[2026-08-20 02:14:09] NEAR MISS - would be BUY 2/4, 1 short @ 4487.99 | RSI 37.7 | Trend(H1) UP | reasons: Price near support (4484.51), H1 trend is UP
[2026-08-20 03:10:57] NEAR MISS - would be BUY 2/4, 1 short @ 4491.95 | RSI 42.84 | Trend(H1) UP | reasons: Price near support (4490.95), H1 trend is UP
[2026-08-20 03:58:00] NEAR MISS - would be BUY 2/4, 1 short @ 4496.52 | RSI 47.04 | Trend(H1) UP | reasons: Price near support (4492.97), H1 trend is UP
[2026-08-20 04:38:28] NEAR MISS - would be BUY 2/4, 1 short @ 4492.35 | RSI 43.55 | Trend(H1) UP | reasons: Price near support (4490.95), H1 trend is UP
[2026-08-20 05:14:35] NEAR MISS - would be BUY 2/4, 1 short @ 4488.88 | RSI 41.34 | Trend(H1) UP | reasons: Price near support (4487.12), H1 trend is UP
[2026-08-20 07:26:43] NEAR MISS - would be BUY 2/4, 1 short @ 4488.73 | RSI 44.81 | Trend(H1) UP | reasons: Price near support (4487.12), H1 trend is UP
[2026-08-20 08:04:43] NEAR MISS - would be BUY 2/4, 1 short @ 4490.08 | RSI 47.4 | Trend(H1) UP | reasons: Price near support (4487.12), H1 trend is UP
[2026-08-20 08:55:05] NEAR MISS - would be BUY 2/4, 1 short @ 4492.45 | RSI 50.19 | Trend(H1) UP | reasons: RSI healthy/bullish at 50.2, H1 trend is UP
[2026-08-20 09:27:26] NEAR MISS - would be BUY 2/4, 1 short @ 4492.21 | RSI 50.2 | Trend(H1) UP | reasons: RSI healthy/bullish at 50.2, H1 trend is UP
[2026-08-20 10:00:22] NEAR MISS - would be BUY 2/4, 1 short @ 4483.94 | RSI 41.36 | Trend(H1) UP | reasons: Price near support (4483.90), H1 trend is UP
[2026-08-20 10:37:42] NEAR MISS - would be BUY 2/4, 1 short @ 4492.3 | RSI 51.3 | Trend(H1) UP | reasons: RSI healthy/bullish at 51.3, H1 trend is UP
[2026-08-20 11:02:57] NEAR MISS - would be BUY 2/4, 1 short @ 4489.61 | RSI 48.19 | Trend(H1) UP | reasons: Price near support (4487.12), H1 trend is UP
[2026-08-20 11:40:17] NEAR MISS - would be BUY 2/4, 1 short @ 4485.16 | RSI 43.51 | Trend(H1) UP | reasons: Price near support (4484.10), H1 trend is UP
[2026-08-20 12:00:39] NEAR MISS - would be BUY 2/4, 1 short @ 4467.43 | RSI 29.53 | Trend(H1) UP | reasons: Price near support (4466.28), H1 trend is UP
[2026-08-20 15:57:51] NEAR MISS - would be BUY 2/4, 1 short @ 4513.58 | RSI 59.81 | Trend(H1) UP | reasons: RSI healthy/bullish at 59.8, H1 trend is UP
[2026-08-20 16:35:44] NEAR MISS - would be BUY 2/4, 1 short @ 4506.0 | RSI 53.91 | Trend(H1) UP | reasons: RSI healthy/bullish at 53.9, H1 trend is UP
[2026-08-20 18:03:38] NEAR MISS - would be BUY 2/4, 1 short @ 4520.07 | RSI 60.42 | Trend(H1) UP | reasons: RSI healthy/bullish at 60.4, H1 trend is UP
[2026-08-20 19:32:16] NEAR MISS - would be BUY 2/4, 1 short @ 4523.99 | RSI 59.58 | Trend(H1) UP | reasons: RSI healthy/bullish at 59.6, H1 trend is UP
[2026-08-20 20:01:25] NEAR MISS - would be BUY 2/4, 1 short @ 4529.21 | RSI 62.32 | Trend(H1) UP | reasons: RSI healthy/bullish at 62.3, H1 trend is UP
[2026-08-20 20:44:44] NEAR MISS - would be BUY 2/4, 1 short @ 4521.4 | RSI 55.79 | Trend(H1) UP | reasons: RSI healthy/bullish at 55.8, H1 trend is UP
[2026-08-20 22:01:59] SUPPRESSED (volatility) - would have been BUY 3/4 @ 4519.08 | ATR 5.925 vs baseline 9.031 (ratio 0.7) | reasons: RSI healthy/bullish at 53.8, Price near support (4518.85), H1 trend is UP
[2026-08-20 22:43:37] SUPPRESSED (volatility) - would have been BUY 3/4 @ 4521.22 | ATR 5.605 vs baseline 9.013 (ratio 0.7) | reasons: RSI healthy/bullish at 55.9, Price near support (4518.85), H1 trend is UP
[2026-08-20 23:03:28] SUPPRESSED (volatility) - would have been BUY 3/4 @ 4524.28 | ATR 5.451 vs baseline 8.977 (ratio 0.7) | reasons: RSI healthy/bullish at 59.0, Price near support (4522.79), H1 trend is UP
[2026-08-20 23:37:39] SUPPRESSED (volatility) - would have been BUY 3/4 @ 4525.92 | ATR 5.779 vs baseline 8.939 (ratio 0.7) | reasons: RSI healthy/bullish at 57.8, Price near support (4522.79), H1 trend is UP
[2026-08-20 23:58:21] SUPPRESSED (volatility) - would have been BUY 3/4 @ 4524.31 | ATR 5.79 vs baseline 8.929 (ratio 0.7) | reasons: RSI healthy/bullish at 55.8, Price near support (4522.79), H1 trend is UP
[2026-08-21 03:35:04] NEAR MISS - would be BUY 2/4, 1 short @ 4531.67 | RSI 56.32 | Trend(H1) UP | reasons: RSI healthy/bullish at 56.3, H1 trend is UP
[2026-08-21 04:22:23] NEAR MISS - would be BUY 2/4, 1 short @ 4539.84 | RSI 61.56 | Trend(H1) UP | reasons: RSI healthy/bullish at 61.6, H1 trend is UP
[2026-08-21 05:03:17] NEAR MISS - would be BUY 2/4, 1 short @ 4541.01 | RSI 59.96 | Trend(H1) UP | reasons: RSI healthy/bullish at 60.0, H1 trend is UP
[2026-08-21 05:46:57] NEAR MISS - would be BUY 2/4, 1 short @ 4539.67 | RSI 57.09 | Trend(H1) UP | reasons: RSI healthy/bullish at 57.1, H1 trend is UP
[2026-08-21 06:35:27] NEAR MISS - would be BUY 2/4, 1 short @ 4557.77 | RSI 64.82 | Trend(H1) UP | reasons: RSI healthy/bullish at 64.8, H1 trend is UP
[2026-08-21 07:27:59] NEAR MISS - would be BUY 2/4, 1 short @ 4559.26 | RSI 63.06 | Trend(H1) UP | reasons: RSI healthy/bullish at 63.1, H1 trend is UP
[2026-08-21 09:33:25] NEAR MISS - would be BUY 2/4, 1 short @ 4581.95 | RSI 63.54 | Trend(H1) UP | reasons: RSI healthy/bullish at 63.5, H1 trend is UP
[2026-08-21 10:05:15] NEAR MISS - would be BUY 2/4, 1 short @ 4582.62 | RSI 63.44 | Trend(H1) UP | reasons: RSI healthy/bullish at 63.4, H1 trend is UP
[2026-08-21 10:45:36] NEAR MISS - would be BUY 2/4, 1 short @ 4593.56 | RSI 67.23 | Trend(H1) UP | reasons: RSI healthy/bullish at 67.2, H1 trend is UP
[2026-08-21 11:19:51] NEAR MISS - would be BUY 2/4, 1 short @ 4589.42 | RSI 63.44 | Trend(H1) UP | reasons: RSI healthy/bullish at 63.4, H1 trend is UP
[2026-08-21 11:50:38] NEAR MISS - would be BUY 2/4, 1 short @ 4592.81 | RSI 62.99 | Trend(H1) UP | reasons: RSI healthy/bullish at 63.0, H1 trend is UP
[2026-08-21 12:34:25] NEAR MISS - would be BUY 2/4, 1 short @ 4585.73 | RSI 55.94 | Trend(H1) UP | reasons: RSI healthy/bullish at 55.9, H1 trend is UP
[2026-08-21 13:30:55] NEAR MISS - would be BUY 2/4, 1 short @ 4583.95 | RSI 54.0 | Trend(H1) UP | reasons: RSI healthy/bullish at 54.0, H1 trend is UP
[2026-08-21 15:46:51] NEAR MISS - would be BUY 2/4, 1 short @ 4609.74 | RSI 63.32 | Trend(H1) UP | reasons: RSI healthy/bullish at 63.3, H1 trend is UP
[2026-08-21 16:25:05] NEAR MISS - would be BUY 2/4, 1 short @ 4614.91 | RSI 65.48 | Trend(H1) UP | reasons: RSI healthy/bullish at 65.5, H1 trend is UP
[2026-08-21 16:59:59] NEAR MISS - would be BUY 2/4, 1 short @ 4621.39 | RSI 67.78 | Trend(H1) UP | reasons: RSI healthy/bullish at 67.8, H1 trend is UP
[2026-08-21 17:35:21] NEAR MISS - would be BUY 2/4, 1 short @ 4621.87 | RSI 64.94 | Trend(H1) UP | reasons: RSI healthy/bullish at 64.9, H1 trend is UP
[2026-08-21 18:02:07] NEAR MISS - would be BUY 2/4, 1 short @ 4621.21 | RSI 64.03 | Trend(H1) UP | reasons: RSI healthy/bullish at 64.0, H1 trend is UP
[2026-08-23 21:15:38] NEAR MISS - would be BUY 2/4, 1 short @ 4603.69 | RSI 12.9 | Trend(H1) UP | reasons: Price near support (4603.51), H1 trend is UP
[2026-08-23 21:44:04] NEAR MISS - would be BUY 2/4, 1 short @ 4603.63 | RSI 12.62 | Trend(H1) UP | reasons: Price near support (4603.51), H1 trend is UP
[2026-08-23 21:58:33] NEAR MISS - would be BUY 2/4, 1 short @ 4603.73 | RSI 15.79 | Trend(H1) UP | reasons: Price near support (4603.51), H1 trend is UP
[2026-08-23 22:24:37] NEAR MISS - would be BUY 2/4, 1 short @ 4616.58 | RSI 86.08 | Trend(H1) UP | reasons: MACD bullish crossover, H1 trend is UP
[2026-08-23 23:14:44] NEAR MISS - would be BUY 2/4, 1 short @ 4606.52 | RSI 48.45 | Trend(H1) UP | reasons: Price near support (4606.32), H1 trend is UP
[2026-08-23 23:37:40] NEAR MISS - would be BUY 2/4, 1 short @ 4614.57 | RSI 63.66 | Trend(H1) UP | reasons: RSI healthy/bullish at 63.7, H1 trend is UP
[2026-08-23 23:56:15] NEAR MISS - would be BUY 2/4, 1 short @ 4607.57 | RSI 49.73 | Trend(H1) UP | reasons: Price near support (4606.32), H1 trend is UP
[2026-08-24 01:04:50] NEAR MISS - would be BUY 2/4, 1 short @ 4616.55 | RSI 53.55 | Trend(H1) UP | reasons: RSI healthy/bullish at 53.5, H1 trend is UP
[2026-08-24 02:37:18] NEAR MISS - would be BUY 2/4, 1 short @ 4649.55 | RSI 66.07 | Trend(H1) UP | reasons: RSI healthy/bullish at 66.1, H1 trend is UP
[2026-08-24 03:37:44] NEAR MISS - would be BUY 2/4, 1 short @ 4644.31 | RSI 61.39 | Trend(H1) UP | reasons: RSI healthy/bullish at 61.4, H1 trend is UP
[2026-08-24 04:27:35] NEAR MISS - would be BUY 2/4, 1 short @ 4638.4 | RSI 56.91 | Trend(H1) UP | reasons: RSI healthy/bullish at 56.9, H1 trend is UP
[2026-08-24 05:12:05] NEAR MISS - would be BUY 2/4, 1 short @ 4638.16 | RSI 56.39 | Trend(H1) UP | reasons: RSI healthy/bullish at 56.4, H1 trend is UP
[2026-08-24 06:43:11] NEAR MISS - would be BUY 2/4, 1 short @ 4643.09 | RSI 56.21 | Trend(H1) UP | reasons: RSI healthy/bullish at 56.2, H1 trend is UP
[2026-08-24 12:36:38] NEAR MISS - would be BUY 2/4, 1 short @ 4661.75 | RSI 63.95 | Trend(H1) UP | reasons: RSI healthy/bullish at 64.0, H1 trend is UP
[2026-08-24 13:36:16] NEAR MISS - would be BUY 2/4, 1 short @ 4673.72 | RSI 68.2 | Trend(H1) UP | reasons: RSI healthy/bullish at 68.2, H1 trend is UP
[2026-08-24 14:24:48] NEAR MISS - would be BUY 2/4, 1 short @ 4664.89 | RSI 58.74 | Trend(H1) UP | reasons: RSI healthy/bullish at 58.7, H1 trend is UP
[2026-08-24 15:09:02] NEAR MISS - would be BUY 2/4, 1 short @ 4674.27 | RSI 62.78 | Trend(H1) UP | reasons: RSI healthy/bullish at 62.8, H1 trend is UP
[2026-08-24 16:29:26] NEAR MISS - would be BUY 2/4, 1 short @ 4657.5 | RSI 49.41 | Trend(H1) UP | reasons: Price near support (4656.14), H1 trend is UP
[2026-08-24 17:06:16] NEAR MISS - would be BUY 2/4, 1 short @ 4645.08 | RSI 42.66 | Trend(H1) UP | reasons: Price near support (4642.09), H1 trend is UP
[2026-08-24 17:45:47] NEAR MISS - would be BUY 2/4, 1 short @ 4640.51 | RSI 41.66 | Trend(H1) UP | reasons: Price near support (4638.54), H1 trend is UP
[2026-08-24 19:16:38] NEAR MISS - would be BUY 2/4, 1 short @ 4636.41 | RSI 42.27 | Trend(H1) UP | reasons: Price near support (4632.63), H1 trend is UP
[2026-08-24 20:57:10] NEAR MISS - would be SELL 2/4, 1 short @ 4647.44 | RSI 49.19 | Trend(H1) UP | reasons: RSI healthy/bearish at 49.2, Price near resistance (4651.51)
[2026-08-24 22:19:14] SUPPRESSED (volatility) - would have been BUY 3/4 @ 4658.79 | ATR 7.533 vs baseline 11.191 (ratio 0.7) | reasons: RSI healthy/bullish at 58.6, Price near support (4658.75), H1 trend is UP
[2026-08-24 22:51:29] SUPPRESSED (volatility) - would have been BUY 3/4 @ 4661.47 | ATR 6.982 vs baseline 11.09 (ratio 0.7) | reasons: RSI healthy/bullish at 60.3, Price near support (4658.75), H1 trend is UP
[2026-08-24 23:17:08] NEAR MISS - would be BUY 2/4, 1 short @ 4670.62 | RSI 66.79 | Trend(H1) UP | reasons: RSI healthy/bullish at 66.8, H1 trend is UP
[2026-08-24 23:44:36] NEAR MISS - would be BUY 2/4, 1 short @ 4669.47 | RSI 65.28 | Trend(H1) UP | reasons: RSI healthy/bullish at 65.3, H1 trend is UP
[2026-08-25 02:44:48] NEAR MISS - would be BUY 2/4, 1 short @ 4656.55 | RSI 45.83 | Trend(H1) UP | reasons: Price near support (4656.14), H1 trend is UP
[2026-08-25 03:33:36] NEAR MISS - would be SELL 2/4, 1 short @ 4637.03 | RSI 40.93 | Trend(H1) UP | reasons: RSI healthy/bearish at 40.9, Price near resistance (4641.66)
[2026-08-25 04:22:22] NEAR MISS - would be SELL 2/4, 1 short @ 4637.65 | RSI 42.16 | Trend(H1) UP | reasons: RSI healthy/bearish at 42.2, Price near resistance (4641.48)
[2026-08-25 05:02:50] NEAR MISS - would be BUY 2/4, 1 short @ 4626.1 | RSI 37.47 | Trend(H1) UP | reasons: Price near support (4624.92), H1 trend is UP
[2026-08-25 07:29:40] NEAR MISS - would be BUY 2/4, 1 short @ 4640.95 | RSI 46.92 | Trend(H1) UP | reasons: Price near support (4639.29), H1 trend is UP
[2026-08-25 08:09:24] NEAR MISS - would be SELL 2/4, 1 short @ 4630.87 | RSI 41.35 | Trend(H1) UP | reasons: MACD bearish crossover, RSI healthy/bearish at 41.3
[2026-08-25 09:39:28] NEAR MISS - would be BUY 2/4, 1 short @ 4627.52 | RSI 41.1 | Trend(H1) UP | reasons: Price near support (4625.45), H1 trend is UP
[2026-08-25 10:05:28] NEAR MISS - would be BUY 2/4, 1 short @ 4637.95 | RSI 49.58 | Trend(H1) UP | reasons: Price near support (4636.45), H1 trend is UP
[2026-08-25 12:35:49] NEAR MISS - would be BUY 2/4, 1 short @ 4636.53 | RSI 46.93 | Trend(H1) UP | reasons: Price near support (4636.45), H1 trend is UP
[2026-08-25 14:26:57] NEAR MISS - would be BUY 2/4, 1 short @ 4625.06 | RSI 43.75 | Trend(H1) UP | reasons: Price near support (4624.92), H1 trend is UP
[2026-08-25 16:06:52] NEAR MISS - would be BUY 2/4, 1 short @ 4651.93 | RSI 61.83 | Trend(H1) UP | reasons: RSI healthy/bullish at 61.8, H1 trend is UP
[2026-08-25 16:53:45] NEAR MISS - would be BUY 2/4, 1 short @ 4644.08 | RSI 55.02 | Trend(H1) UP | reasons: RSI healthy/bullish at 55.0, H1 trend is UP
[2026-08-25 17:54:38] NEAR MISS - would be BUY 2/4, 1 short @ 4643.06 | RSI 54.09 | Trend(H1) UP | reasons: RSI healthy/bullish at 54.1, H1 trend is UP
[2026-08-25 18:30:59] NEAR MISS - would be BUY 2/4, 1 short @ 4649.89 | RSI 58.85 | Trend(H1) UP | reasons: RSI healthy/bullish at 58.9, H1 trend is UP
[2026-08-25 19:16:54] NEAR MISS - would be BUY 2/4, 1 short @ 4660.61 | RSI 66.26 | Trend(H1) UP | reasons: RSI healthy/bullish at 66.3, H1 trend is UP
[2026-08-25 19:54:19] NEAR MISS - would be BUY 2/4, 1 short @ 4662.86 | RSI 67.7 | Trend(H1) UP | reasons: RSI healthy/bullish at 67.7, H1 trend is UP
[2026-08-25 21:51:34] SUPPRESSED (volatility) - would have been BUY 3/4 @ 4658.65 | ATR 5.711 vs baseline 8.815 (ratio 0.7) | reasons: RSI healthy/bullish at 58.7, Price near support (4658.31), H1 trend is UP
[2026-08-25 22:19:54] NEAR MISS - would be BUY 2/4, 1 short @ 4663.69 | RSI 64.12 | Trend(H1) UP | reasons: RSI healthy/bullish at 64.1, H1 trend is UP
[2026-08-25 22:52:55] SUPPRESSED (volatility) - would have been BUY 3/4 @ 4669.45 | ATR 5.449 vs baseline 8.491 (ratio 0.7) | reasons: MACD bullish crossover, RSI healthy/bullish at 69.3, H1 trend is UP
[2026-08-25 23:19:33] NEAR MISS - would be BUY 2/4, 1 short @ 4668.28 | RSI 63.57 | Trend(H1) UP | reasons: RSI healthy/bullish at 63.6, H1 trend is UP
[2026-08-25 23:47:05] NEAR MISS - would be BUY 2/4, 1 short @ 4656.41 | RSI 48.29 | Trend(H1) UP | reasons: Price near support (4656.14), H1 trend is UP
[2026-08-26 00:56:08] NEAR MISS - would be BUY 2/4, 1 short @ 4637.02 | RSI 31.71 | Trend(H1) UP | reasons: Price near support (4634.99), H1 trend is UP
[2026-08-26 04:22:58] NEAR MISS - would be BUY 2/4, 1 short @ 4643.21 | RSI 42.11 | Trend(H1) UP | reasons: Price near support (4639.94), H1 trend is UP
[2026-08-26 05:03:39] NEAR MISS - would be BUY 2/4, 1 short @ 4639.85 | RSI 39.59 | Trend(H1) UP | reasons: Price near support (4634.99), H1 trend is UP
[2026-08-26 05:49:05] NEAR MISS - would be BUY 2/4, 1 short @ 4639.68 | RSI 40.9 | Trend(H1) UP | reasons: Price near support (4639.08), H1 trend is UP
[2026-08-26 06:37:18] NEAR MISS - would be BUY 2/4, 1 short @ 4626.03 | RSI 30.87 | Trend(H1) UP | reasons: Price near support (4625.56), H1 trend is UP
[2026-08-26 08:23:15] NEAR MISS - would be BUY 2/4, 1 short @ 4627.88 | RSI 36.16 | Trend(H1) UP | reasons: Price near support (4625.35), H1 trend is UP
[2026-08-26 09:09:27] NEAR MISS - would be BUY 2/4, 1 short @ 4627.47 | RSI 36.3 | Trend(H1) UP | reasons: Price near support (4625.35), H1 trend is UP
[2026-08-26 10:30:09] NEAR MISS - would be BUY 2/4, 1 short @ 4614.14 | RSI 30.53 | Trend(H1) UP | reasons: Price near support (4613.18), H1 trend is UP
[2026-08-26 11:03:53] NEAR MISS - would be BUY 2/4, 1 short @ 4620.12 | RSI 38.81 | Trend(H1) UP | reasons: Price near support (4616.59), H1 trend is UP
[2026-08-26 12:04:19] NEAR MISS - would be BUY 2/4, 1 short @ 4625.08 | RSI 46.98 | Trend(H1) UP | reasons: Price near support (4622.78), H1 trend is UP
[2026-08-26 15:51:25] NEAR MISS - would be BUY 2/4, 1 short @ 4603.51 | RSI 39.8 | Trend(H1) UP | reasons: Price near support (4600.66), H1 trend is UP
[2026-08-26 16:43:51] NEAR MISS - would be BUY 2/4, 1 short @ 4595.47 | RSI 35.53 | Trend(H1) UP | reasons: Price near support (4592.00), H1 trend is UP
[2026-08-26 18:25:24] NEAR MISS - would be BUY 2/4, 1 short @ 4601.5 | RSI 44.97 | Trend(H1) UP | reasons: Price near support (4600.66), H1 trend is UP
[2026-08-26 20:28:05] NEAR MISS - would be BUY 2/4, 1 short @ 4592.98 | RSI 40.38 | Trend(H1) UP | reasons: Price near support (4592.50), H1 trend is UP
[2026-08-27 07:52:50] NEAR MISS - would be BUY 2/4, 1 short @ 4598.16 | RSI 36.9 | Trend(H1) UP | reasons: Price near support (4597.50), H1 trend is UP
[2026-08-28 14:28:30] NEAR MISS - would be BUY 2/4, 1 short @ 4549.56 | RSI 31.77 | Trend(H1) UP | reasons: Price near support (4547.94), H1 trend is UP
[2026-08-31 00:46:04] NEAR MISS - would be BUY 2/4, 1 short @ 4464.8 | RSI 58.31 | Trend(H1) DOWN | reasons: MACD bullish crossover, RSI healthy/bullish at 58.3
[2026-08-31 06:33:03] NEAR MISS - would be BUY 2/4, 1 short @ 4436.49 | RSI 50.53 | Trend(H1) DOWN | reasons: RSI healthy/bullish at 50.5, Price near support (4435.39)
[2026-08-31 14:24:47] NEAR MISS - would be SELL 2/4, 1 short @ 4425.54 | RSI 38.97 | Trend(H1) DOWN | reasons: RSI healthy/bearish at 39.0, H1 trend is DOWN
[2026-08-31 20:14:51] NEAR MISS - would be SELL 2/4, 1 short @ 4450.9 | RSI 63.52 | Trend(H1) DOWN | reasons: Price near resistance (4452.95), H1 trend is DOWN
[2026-08-31 23:52:39] NEAR MISS - would be BUY 2/4, 1 short @ 4446.24 | RSI 53.4 | Trend(H1) DOWN | reasons: RSI healthy/bullish at 53.4, Price near support (4442.08)
[2026-09-01 03:04:51] NEAR MISS - would be SELL 2/4, 1 short @ 4441.83 | RSI 46.87 | Trend(H1) DOWN | reasons: RSI healthy/bearish at 46.9, H1 trend is DOWN
